exports[`test StreamItem displayed data 1`] = `
<article
  className="media">
  <div
    className="media-left">
    <figure
      className="image is-64x64">
      <img
        alt="gambar"
        src="http://placehold.it/128x128" />
    </figure>
  </div>
  <div
    className="media-content">
    <div
      className="content">
      <p>
        <strong
          className="fullname">
          imam tauhid
        </strong>
         
        <small
          className="username">
          @ma4m
        </small>
         
        <small
          className="datetime"
          style={
            Object {
              "float": "right",
            }
          }>
          25 years ago
        </small>
        <br />
        hello world
      </p>
    </div>
    <nav
      className="level">
      <div
        className="level-left">
        <a
          className="level-item inline-block">
          <span
            className="icon is-small">
            <i
              className="fa fa-reply" />
          </span>
        </a>
        <a
          className="level-item inline-block">
          <span
            className="icon is-small">
            <i
              className="fa fa-retweet" />
          </span>
        </a>
        <a
          className="level-item inline-block">
          <span
            className="icon is-small">
            <i
              className="fa fa-heart" />
          </span>
        </a>
      </div>
    </nav>
  </div>
</article>
`;
